---
source: tests/book.rs
expression: read_snapshot(&log_dir)
---
GetBookByTitlePayload {
    title: "Rapunzel",
}

