---
source: server/tests/book.rs
expression: read_snapshot(&log_dir)
---
BookPublicListPayload {
    query: None,
}
BookPublicListPayload {
    query: Some(
        "Rapunzel",
    ),
}
