---
source: tests/book.rs
expression: result
---

